2024-12-05 09:30:12 INFO Server initialization started
2024-12-05 09:30:15 INFO Loading configuration files
2024-12-06 10:15:23 ERROR Configuration file not found
2024-12-06 10:15:25 WARN Using default configuration
2024-12-07 11:20:01 INFO User registration: alice
2024-12-07 11:20:15 INFO User login: alice
2024-12-08 14:45:33 ERROR Database connection timeout
2024-12-08 14:45:35 WARN Retrying database connection (attempt 1/3)
2024-12-09 10:00:01 INFO Server started on port 8080
2024-12-09 10:00:15 INFO User login: user123
2024-12-09 10:01:23 ERROR Database connection failed
2024-12-09 10:01:25 WARN Retrying database connection
2024-12-09 10:01:30 INFO Database connected successfully